MPLINK 5.08, LINKER
Linker Map File - Created Fri Oct 20 00:13:51 2017

                                 Section Info
                  Section       Type    Address   Location Size(Bytes)
                ---------  ---------  ---------  ---------  ---------
             RESET_VECTOR       code   0x000000    program   0x000002
                   .cinit    romdata   0x000001    program   0x000004
                      ISR       code   0x000004    program   0x000010
             MAIN_PROGRAM       code   0x00000c    program   0x00006c
.config_2007_BUILD/DEFAULT/DEBUG/GREYCODECOUN       code   0x002007    program   0x000002



                              Program Memory Usage 
                               Start         End      
                           ---------   ---------      
                            0x000000    0x000002      
                            0x000004    0x000041      
                            0x002007    0x002007      
            66 out of 1094 program addresses used, program memory utilization is 6%



                              Symbols - Sorted by Name
                     Name    Address   Location    Storage File                     
                ---------  ---------  ---------  --------- ---------                
                Interrupt   0x000004    program     static /home/andrew/MPLABXProjects/Lab6B.X/GreyCodeCounter.asm
                     loop   0x000025    program     static /home/andrew/MPLABXProjects/Lab6B.X/GreyCodeCounter.asm
                   press1   0x000015    program     static /home/andrew/MPLABXProjects/Lab6B.X/GreyCodeCounter.asm
                   press2   0x000018    program     static /home/andrew/MPLABXProjects/Lab6B.X/GreyCodeCounter.asm
                    start   0x00000c    program     static /home/andrew/MPLABXProjects/Lab6B.X/GreyCodeCounter.asm
                    table   0x000031    program     static /home/andrew/MPLABXProjects/Lab6B.X/GreyCodeCounter.asm
                     wait   0x000021    program     static /home/andrew/MPLABXProjects/Lab6B.X/GreyCodeCounter.asm
                    wait1   0x000023    program     static /home/andrew/MPLABXProjects/Lab6B.X/GreyCodeCounter.asm



                              Symbols - Sorted by Address
                     Name    Address   Location    Storage File                     
                ---------  ---------  ---------  --------- ---------                
                Interrupt   0x000004    program     static /home/andrew/MPLABXProjects/Lab6B.X/GreyCodeCounter.asm
                    start   0x00000c    program     static /home/andrew/MPLABXProjects/Lab6B.X/GreyCodeCounter.asm
                   press1   0x000015    program     static /home/andrew/MPLABXProjects/Lab6B.X/GreyCodeCounter.asm
                   press2   0x000018    program     static /home/andrew/MPLABXProjects/Lab6B.X/GreyCodeCounter.asm
                     wait   0x000021    program     static /home/andrew/MPLABXProjects/Lab6B.X/GreyCodeCounter.asm
                    wait1   0x000023    program     static /home/andrew/MPLABXProjects/Lab6B.X/GreyCodeCounter.asm
                     loop   0x000025    program     static /home/andrew/MPLABXProjects/Lab6B.X/GreyCodeCounter.asm
                    table   0x000031    program     static /home/andrew/MPLABXProjects/Lab6B.X/GreyCodeCounter.asm


